Archive member included to satisfy reference by file (symbol)

c:/users/user/desktop/elec291/avr-gcc-11.1.0-x64-windows/bin/../lib/gcc/avr/11.1.0/avr5\libgcc.a(_divmodhi4.o)
                              Servo.o (__divmodhi4)
c:/users/user/desktop/elec291/avr-gcc-11.1.0-x64-windows/bin/../lib/gcc/avr/11.1.0/avr5\libgcc.a(_exit.o)
                              c:/users/user/desktop/elec291/avr-gcc-11.1.0-x64-windows/bin/../lib/gcc/avr/11.1.0/../../../../avr/lib/avr5/crtatmega328.o (exit)
c:/users/user/desktop/elec291/avr-gcc-11.1.0-x64-windows/bin/../lib/gcc/avr/11.1.0/avr5\libgcc.a(_copy_data.o)
                              Servo.o (__do_copy_data)
c:/users/user/desktop/elec291/avr-gcc-11.1.0-x64-windows/bin/../lib/gcc/avr/11.1.0/avr5\libgcc.a(_clear_bss.o)
                              Servo.o (__do_clear_bss)
c:/users/user/desktop/elec291/avr-gcc-11.1.0-x64-windows/bin/../lib/gcc/avr/11.1.0/avr5\libgcc.a(_udivmodhi4.o)
                              c:/users/user/desktop/elec291/avr-gcc-11.1.0-x64-windows/bin/../lib/gcc/avr/11.1.0/avr5\libgcc.a(_divmodhi4.o) (__udivmodhi4)
c:/users/user/desktop/elec291/avr-gcc-11.1.0-x64-windows/bin/../lib/gcc/avr/11.1.0/../../../../avr/lib/avr5\libc.a(atoi.o)
                              Servo.o (atoi)
c:/users/user/desktop/elec291/avr-gcc-11.1.0-x64-windows/bin/../lib/gcc/avr/11.1.0/../../../../avr/lib/avr5\libc.a(mul10.o)
                              c:/users/user/desktop/elec291/avr-gcc-11.1.0-x64-windows/bin/../lib/gcc/avr/11.1.0/../../../../avr/lib/avr5\libc.a(atoi.o) (__mulhi_const_10)
c:/users/user/desktop/elec291/avr-gcc-11.1.0-x64-windows/bin/../lib/gcc/avr/11.1.0/../../../../avr/lib/avr5\libc.a(iob.o)
                              usart.o (__iob)
c:/users/user/desktop/elec291/avr-gcc-11.1.0-x64-windows/bin/../lib/gcc/avr/11.1.0/../../../../avr/lib/avr5\libc.a(printf.o)
                              Servo.o (printf)
c:/users/user/desktop/elec291/avr-gcc-11.1.0-x64-windows/bin/../lib/gcc/avr/11.1.0/../../../../avr/lib/avr5\libc.a(putchar.o)
                              Servo.o (putchar)
c:/users/user/desktop/elec291/avr-gcc-11.1.0-x64-windows/bin/../lib/gcc/avr/11.1.0/../../../../avr/lib/avr5\libc.a(puts.o)
                              Servo.o (puts)
c:/users/user/desktop/elec291/avr-gcc-11.1.0-x64-windows/bin/../lib/gcc/avr/11.1.0/../../../../avr/lib/avr5\libc.a(vfprintf_std.o)
                              c:/users/user/desktop/elec291/avr-gcc-11.1.0-x64-windows/bin/../lib/gcc/avr/11.1.0/../../../../avr/lib/avr5\libc.a(printf.o) (vfprintf)
c:/users/user/desktop/elec291/avr-gcc-11.1.0-x64-windows/bin/../lib/gcc/avr/11.1.0/../../../../avr/lib/avr5\libc.a(strnlen_P.o)
                              c:/users/user/desktop/elec291/avr-gcc-11.1.0-x64-windows/bin/../lib/gcc/avr/11.1.0/../../../../avr/lib/avr5\libc.a(vfprintf_std.o) (strnlen_P)
c:/users/user/desktop/elec291/avr-gcc-11.1.0-x64-windows/bin/../lib/gcc/avr/11.1.0/../../../../avr/lib/avr5\libc.a(strnlen.o)
                              c:/users/user/desktop/elec291/avr-gcc-11.1.0-x64-windows/bin/../lib/gcc/avr/11.1.0/../../../../avr/lib/avr5\libc.a(vfprintf_std.o) (strnlen)
c:/users/user/desktop/elec291/avr-gcc-11.1.0-x64-windows/bin/../lib/gcc/avr/11.1.0/../../../../avr/lib/avr5\libc.a(fputc.o)
                              c:/users/user/desktop/elec291/avr-gcc-11.1.0-x64-windows/bin/../lib/gcc/avr/11.1.0/../../../../avr/lib/avr5\libc.a(putchar.o) (fputc)
c:/users/user/desktop/elec291/avr-gcc-11.1.0-x64-windows/bin/../lib/gcc/avr/11.1.0/../../../../avr/lib/avr5\libc.a(ultoa_invert.o)
                              c:/users/user/desktop/elec291/avr-gcc-11.1.0-x64-windows/bin/../lib/gcc/avr/11.1.0/../../../../avr/lib/avr5\libc.a(vfprintf_std.o) (__ultoa_invert)
c:/users/user/desktop/elec291/avr-gcc-11.1.0-x64-windows/bin/../lib/gcc/avr/11.1.0/avr5\libgcc.a(_prologue.o)
                              c:/users/user/desktop/elec291/avr-gcc-11.1.0-x64-windows/bin/../lib/gcc/avr/11.1.0/../../../../avr/lib/avr5\libc.a(printf.o) (__prologue_saves__)
c:/users/user/desktop/elec291/avr-gcc-11.1.0-x64-windows/bin/../lib/gcc/avr/11.1.0/avr5\libgcc.a(_epilogue.o)
                              c:/users/user/desktop/elec291/avr-gcc-11.1.0-x64-windows/bin/../lib/gcc/avr/11.1.0/../../../../avr/lib/avr5\libc.a(printf.o) (__epilogue_restores__)

Memory Configuration

Name             Origin             Length             Attributes
text             0x0000000000000000 0x0000000000020000 xr
data             0x0000000000800060 0x000000000000ffa0 rw !x
eeprom           0x0000000000810000 0x0000000000010000 rw !x
fuse             0x0000000000820000 0x0000000000000003 rw !x
lock             0x0000000000830000 0x0000000000000400 rw !x
signature        0x0000000000840000 0x0000000000000400 rw !x
user_signatures  0x0000000000850000 0x0000000000000400 rw !x
*default*        0x0000000000000000 0xffffffffffffffff

Linker script and memory map

Address of section .data set to 0x800100
LOAD c:/users/user/desktop/elec291/avr-gcc-11.1.0-x64-windows/bin/../lib/gcc/avr/11.1.0/../../../../avr/lib/avr5/crtatmega328.o
LOAD Servo.o
LOAD usart.o
START GROUP
LOAD c:/users/user/desktop/elec291/avr-gcc-11.1.0-x64-windows/bin/../lib/gcc/avr/11.1.0/avr5\libgcc.a
LOAD c:/users/user/desktop/elec291/avr-gcc-11.1.0-x64-windows/bin/../lib/gcc/avr/11.1.0/../../../../avr/lib/avr5\libm.a
LOAD c:/users/user/desktop/elec291/avr-gcc-11.1.0-x64-windows/bin/../lib/gcc/avr/11.1.0/../../../../avr/lib/avr5\libc.a
LOAD c:/users/user/desktop/elec291/avr-gcc-11.1.0-x64-windows/bin/../lib/gcc/avr/11.1.0/../../../../avr/lib/avr5\libatmega328.a
END GROUP
                0x0000000000020000                __TEXT_REGION_LENGTH__ = DEFINED (__TEXT_REGION_LENGTH__)?__TEXT_REGION_LENGTH__:0x20000
                0x000000000000ffa0                __DATA_REGION_LENGTH__ = DEFINED (__DATA_REGION_LENGTH__)?__DATA_REGION_LENGTH__:0xffa0
                0x0000000000010000                __EEPROM_REGION_LENGTH__ = DEFINED (__EEPROM_REGION_LENGTH__)?__EEPROM_REGION_LENGTH__:0x10000
                [0x0000000000000003]                __FUSE_REGION_LENGTH__ = DEFINED (__FUSE_REGION_LENGTH__)?__FUSE_REGION_LENGTH__:0x400
                0x0000000000000400                __LOCK_REGION_LENGTH__ = DEFINED (__LOCK_REGION_LENGTH__)?__LOCK_REGION_LENGTH__:0x400
                0x0000000000000400                __SIGNATURE_REGION_LENGTH__ = DEFINED (__SIGNATURE_REGION_LENGTH__)?__SIGNATURE_REGION_LENGTH__:0x400
                0x0000000000000400                __USER_SIGNATURE_REGION_LENGTH__ = DEFINED (__USER_SIGNATURE_REGION_LENGTH__)?__USER_SIGNATURE_REGION_LENGTH__:0x400

.hash
 *(.hash)

.dynsym
 *(.dynsym)

.dynstr
 *(.dynstr)

.gnu.version
 *(.gnu.version)

.gnu.version_d
 *(.gnu.version_d)

.gnu.version_r
 *(.gnu.version_r)

.rel.init
 *(.rel.init)

.rela.init
 *(.rela.init)

.rel.text
 *(.rel.text)
 *(.rel.text.*)
 *(.rel.gnu.linkonce.t*)

.rela.text
 *(.rela.text)
 *(.rela.text.*)
 *(.rela.gnu.linkonce.t*)

.rel.fini
 *(.rel.fini)

.rela.fini
 *(.rela.fini)

.rel.rodata
 *(.rel.rodata)
 *(.rel.rodata.*)
 *(.rel.gnu.linkonce.r*)

.rela.rodata
 *(.rela.rodata)
 *(.rela.rodata.*)
 *(.rela.gnu.linkonce.r*)

.rel.data
 *(.rel.data)
 *(.rel.data.*)
 *(.rel.gnu.linkonce.d*)

.rela.data
 *(.rela.data)
 *(.rela.data.*)
 *(.rela.gnu.linkonce.d*)

.rel.ctors
 *(.rel.ctors)

.rela.ctors
 *(.rela.ctors)

.rel.dtors
 *(.rel.dtors)

.rela.dtors
 *(.rela.dtors)

.rel.got
 *(.rel.got)

.rela.got
 *(.rela.got)

.rel.bss
 *(.rel.bss)

.rela.bss
 *(.rela.bss)

.rel.plt
 *(.rel.plt)

.rela.plt
 *(.rela.plt)

.text           0x0000000000000000      0x956
 *(.vectors)
 .vectors       0x0000000000000000       0x68 c:/users/user/desktop/elec291/avr-gcc-11.1.0-x64-windows/bin/../lib/gcc/avr/11.1.0/../../../../avr/lib/avr5/crtatmega328.o
                0x0000000000000000                __vector_default
                0x0000000000000000                __vectors
 *(.vectors)
 *(.progmem.gcc*)
                0x0000000000000068                . = ALIGN (0x2)
                0x0000000000000068                __trampolines_start = .
 *(.trampolines)
 .trampolines   0x0000000000000068        0x0 linker stubs
 *(.trampolines*)
                0x0000000000000068                __trampolines_end = .
 *libprintf_flt.a:*(.progmem.data)
 *libc.a:*(.progmem.data)
 *(.progmem.*)
                0x0000000000000068                . = ALIGN (0x2)
 *(.lowtext)
 *(.lowtext*)
                0x0000000000000068                __ctors_start = .
 *(.ctors)
                0x0000000000000068                __ctors_end = .
                0x0000000000000068                __dtors_start = .
 *(.dtors)
                0x0000000000000068                __dtors_end = .
 SORT_BY_NAME(*)(.ctors)
 SORT_BY_NAME(*)(.dtors)
 *(.init0)
 .init0         0x0000000000000068        0x0 c:/users/user/desktop/elec291/avr-gcc-11.1.0-x64-windows/bin/../lib/gcc/avr/11.1.0/../../../../avr/lib/avr5/crtatmega328.o
                0x0000000000000068                __init
 *(.init0)
 *(.init1)
 *(.init1)
 *(.init2)
 .init2         0x0000000000000068        0xc c:/users/user/desktop/elec291/avr-gcc-11.1.0-x64-windows/bin/../lib/gcc/avr/11.1.0/../../../../avr/lib/avr5/crtatmega328.o
 *(.init2)
 *(.init3)
 *(.init3)
 *(.init4)
 .init4         0x0000000000000074       0x16 c:/users/user/desktop/elec291/avr-gcc-11.1.0-x64-windows/bin/../lib/gcc/avr/11.1.0/avr5\libgcc.a(_copy_data.o)
                0x0000000000000074                __do_copy_data
 .init4         0x000000000000008a       0x10 c:/users/user/desktop/elec291/avr-gcc-11.1.0-x64-windows/bin/../lib/gcc/avr/11.1.0/avr5\libgcc.a(_clear_bss.o)
                0x000000000000008a                __do_clear_bss
 *(.init4)
 *(.init5)
 *(.init5)
 *(.init6)
 *(.init6)
 *(.init7)
 *(.init7)
 *(.init8)
 *(.init8)
 *(.init9)
 .init9         0x000000000000009a        0x8 c:/users/user/desktop/elec291/avr-gcc-11.1.0-x64-windows/bin/../lib/gcc/avr/11.1.0/../../../../avr/lib/avr5/crtatmega328.o
 *(.init9)
 *(.text)
 .text          0x00000000000000a2        0x4 c:/users/user/desktop/elec291/avr-gcc-11.1.0-x64-windows/bin/../lib/gcc/avr/11.1.0/../../../../avr/lib/avr5/crtatmega328.o
                0x00000000000000a2                __vector_22
                0x00000000000000a2                __vector_1
                0x00000000000000a2                __vector_24
                0x00000000000000a2                __vector_12
                0x00000000000000a2                __bad_interrupt
                0x00000000000000a2                __vector_6
                0x00000000000000a2                __vector_3
                0x00000000000000a2                __vector_23
                0x00000000000000a2                __vector_25
                0x00000000000000a2                __vector_13
                0x00000000000000a2                __vector_17
                0x00000000000000a2                __vector_19
                0x00000000000000a2                __vector_7
                0x00000000000000a2                __vector_5
                0x00000000000000a2                __vector_4
                0x00000000000000a2                __vector_9
                0x00000000000000a2                __vector_2
                0x00000000000000a2                __vector_21
                0x00000000000000a2                __vector_15
                0x00000000000000a2                __vector_8
                0x00000000000000a2                __vector_14
                0x00000000000000a2                __vector_10
                0x00000000000000a2                __vector_16
                0x00000000000000a2                __vector_18
                0x00000000000000a2                __vector_20
 .text          0x00000000000000a6       0xe0 Servo.o
                0x00000000000000a6                __vector_11
                0x000000000000011c                TIM16_ReadTCNT1
                0x000000000000012c                delay_ms
                0x000000000000014c                init_timer
 .text          0x0000000000000186       0x98 usart.o
                0x0000000000000186                usart_init
                0x00000000000001c2                usart_putchar
                0x00000000000001d0                usart_putchar_printf
                0x00000000000001ec                usart_getchar
                0x00000000000001fa                usart_kbhit
                0x0000000000000206                usart_pstr
 .text          0x000000000000021e        0x0 c:/users/user/desktop/elec291/avr-gcc-11.1.0-x64-windows/bin/../lib/gcc/avr/11.1.0/avr5\libgcc.a(_divmodhi4.o)
 .text          0x000000000000021e        0x0 c:/users/user/desktop/elec291/avr-gcc-11.1.0-x64-windows/bin/../lib/gcc/avr/11.1.0/avr5\libgcc.a(_exit.o)
 .text          0x000000000000021e        0x0 c:/users/user/desktop/elec291/avr-gcc-11.1.0-x64-windows/bin/../lib/gcc/avr/11.1.0/avr5\libgcc.a(_copy_data.o)
 .text          0x000000000000021e        0x0 c:/users/user/desktop/elec291/avr-gcc-11.1.0-x64-windows/bin/../lib/gcc/avr/11.1.0/avr5\libgcc.a(_clear_bss.o)
 .text          0x000000000000021e        0x0 c:/users/user/desktop/elec291/avr-gcc-11.1.0-x64-windows/bin/../lib/gcc/avr/11.1.0/avr5\libgcc.a(_udivmodhi4.o)
 .text          0x000000000000021e        0x0 c:/users/user/desktop/elec291/avr-gcc-11.1.0-x64-windows/bin/../lib/gcc/avr/11.1.0/../../../../avr/lib/avr5\libc.a(atoi.o)
 .text          0x000000000000021e        0x0 c:/users/user/desktop/elec291/avr-gcc-11.1.0-x64-windows/bin/../lib/gcc/avr/11.1.0/../../../../avr/lib/avr5\libc.a(mul10.o)
 .text          0x000000000000021e        0x0 c:/users/user/desktop/elec291/avr-gcc-11.1.0-x64-windows/bin/../lib/gcc/avr/11.1.0/../../../../avr/lib/avr5\libc.a(iob.o)
 .text          0x000000000000021e        0x0 c:/users/user/desktop/elec291/avr-gcc-11.1.0-x64-windows/bin/../lib/gcc/avr/11.1.0/../../../../avr/lib/avr5\libc.a(printf.o)
 .text          0x000000000000021e        0x0 c:/users/user/desktop/elec291/avr-gcc-11.1.0-x64-windows/bin/../lib/gcc/avr/11.1.0/../../../../avr/lib/avr5\libc.a(putchar.o)
 .text          0x000000000000021e        0x0 c:/users/user/desktop/elec291/avr-gcc-11.1.0-x64-windows/bin/../lib/gcc/avr/11.1.0/../../../../avr/lib/avr5\libc.a(puts.o)
 .text          0x000000000000021e        0x0 c:/users/user/desktop/elec291/avr-gcc-11.1.0-x64-windows/bin/../lib/gcc/avr/11.1.0/../../../../avr/lib/avr5\libc.a(vfprintf_std.o)
 .text          0x000000000000021e        0x0 c:/users/user/desktop/elec291/avr-gcc-11.1.0-x64-windows/bin/../lib/gcc/avr/11.1.0/../../../../avr/lib/avr5\libc.a(strnlen_P.o)
 .text          0x000000000000021e        0x0 c:/users/user/desktop/elec291/avr-gcc-11.1.0-x64-windows/bin/../lib/gcc/avr/11.1.0/../../../../avr/lib/avr5\libc.a(strnlen.o)
 .text          0x000000000000021e        0x0 c:/users/user/desktop/elec291/avr-gcc-11.1.0-x64-windows/bin/../lib/gcc/avr/11.1.0/../../../../avr/lib/avr5\libc.a(fputc.o)
 .text          0x000000000000021e        0x0 c:/users/user/desktop/elec291/avr-gcc-11.1.0-x64-windows/bin/../lib/gcc/avr/11.1.0/../../../../avr/lib/avr5\libc.a(ultoa_invert.o)
 .text          0x000000000000021e        0x0 c:/users/user/desktop/elec291/avr-gcc-11.1.0-x64-windows/bin/../lib/gcc/avr/11.1.0/avr5\libgcc.a(_prologue.o)
 .text          0x000000000000021e        0x0 c:/users/user/desktop/elec291/avr-gcc-11.1.0-x64-windows/bin/../lib/gcc/avr/11.1.0/avr5\libgcc.a(_epilogue.o)
                0x000000000000021e                . = ALIGN (0x2)
 *(.text.*)
 .text.startup  0x000000000000021e       0xae Servo.o
                0x000000000000021e                main
 .text.libgcc.mul
                0x00000000000002cc        0x0 c:/users/user/desktop/elec291/avr-gcc-11.1.0-x64-windows/bin/../lib/gcc/avr/11.1.0/avr5\libgcc.a(_divmodhi4.o)
 .text.libgcc.div
                0x00000000000002cc       0x28 c:/users/user/desktop/elec291/avr-gcc-11.1.0-x64-windows/bin/../lib/gcc/avr/11.1.0/avr5\libgcc.a(_divmodhi4.o)
                0x00000000000002cc                _div
                0x00000000000002cc                __divmodhi4
 .text.libgcc   0x00000000000002f4        0x0 c:/users/user/desktop/elec291/avr-gcc-11.1.0-x64-windows/bin/../lib/gcc/avr/11.1.0/avr5\libgcc.a(_divmodhi4.o)
 .text.libgcc.prologue
                0x00000000000002f4        0x0 c:/users/user/desktop/elec291/avr-gcc-11.1.0-x64-windows/bin/../lib/gcc/avr/11.1.0/avr5\libgcc.a(_divmodhi4.o)
 .text.libgcc.builtins
                0x00000000000002f4        0x0 c:/users/user/desktop/elec291/avr-gcc-11.1.0-x64-windows/bin/../lib/gcc/avr/11.1.0/avr5\libgcc.a(_divmodhi4.o)
 .text.libgcc.fmul
                0x00000000000002f4        0x0 c:/users/user/desktop/elec291/avr-gcc-11.1.0-x64-windows/bin/../lib/gcc/avr/11.1.0/avr5\libgcc.a(_divmodhi4.o)
 .text.libgcc.fixed
                0x00000000000002f4        0x0 c:/users/user/desktop/elec291/avr-gcc-11.1.0-x64-windows/bin/../lib/gcc/avr/11.1.0/avr5\libgcc.a(_divmodhi4.o)
 .text.libgcc.mul
                0x00000000000002f4        0x0 c:/users/user/desktop/elec291/avr-gcc-11.1.0-x64-windows/bin/../lib/gcc/avr/11.1.0/avr5\libgcc.a(_exit.o)
 .text.libgcc.div
                0x00000000000002f4        0x0 c:/users/user/desktop/elec291/avr-gcc-11.1.0-x64-windows/bin/../lib/gcc/avr/11.1.0/avr5\libgcc.a(_exit.o)
 .text.libgcc   0x00000000000002f4        0x0 c:/users/user/desktop/elec291/avr-gcc-11.1.0-x64-windows/bin/../lib/gcc/avr/11.1.0/avr5\libgcc.a(_exit.o)
 .text.libgcc.prologue
                0x00000000000002f4        0x0 c:/users/user/desktop/elec291/avr-gcc-11.1.0-x64-windows/bin/../lib/gcc/avr/11.1.0/avr5\libgcc.a(_exit.o)
 .text.libgcc.builtins
                0x00000000000002f4        0x0 c:/users/user/desktop/elec291/avr-gcc-11.1.0-x64-windows/bin/../lib/gcc/avr/11.1.0/avr5\libgcc.a(_exit.o)
 .text.libgcc.fmul
                0x00000000000002f4        0x0 c:/users/user/desktop/elec291/avr-gcc-11.1.0-x64-windows/bin/../lib/gcc/avr/11.1.0/avr5\libgcc.a(_exit.o)
 .text.libgcc.fixed
                0x00000000000002f4        0x0 c:/users/user/desktop/elec291/avr-gcc-11.1.0-x64-windows/bin/../lib/gcc/avr/11.1.0/avr5\libgcc.a(_exit.o)
 .text.libgcc.mul
                0x00000000000002f4        0x0 c:/users/user/desktop/elec291/avr-gcc-11.1.0-x64-windows/bin/../lib/gcc/avr/11.1.0/avr5\libgcc.a(_copy_data.o)
 .text.libgcc.div
                0x00000000000002f4        0x0 c:/users/user/desktop/elec291/avr-gcc-11.1.0-x64-windows/bin/../lib/gcc/avr/11.1.0/avr5\libgcc.a(_copy_data.o)
 .text.libgcc   0x00000000000002f4        0x0 c:/users/user/desktop/elec291/avr-gcc-11.1.0-x64-windows/bin/../lib/gcc/avr/11.1.0/avr5\libgcc.a(_copy_data.o)
 .text.libgcc.prologue
                0x00000000000002f4        0x0 c:/users/user/desktop/elec291/avr-gcc-11.1.0-x64-windows/bin/../lib/gcc/avr/11.1.0/avr5\libgcc.a(_copy_data.o)
 .text.libgcc.builtins
                0x00000000000002f4        0x0 c:/users/user/desktop/elec291/avr-gcc-11.1.0-x64-windows/bin/../lib/gcc/avr/11.1.0/avr5\libgcc.a(_copy_data.o)
 .text.libgcc.fmul
                0x00000000000002f4        0x0 c:/users/user/desktop/elec291/avr-gcc-11.1.0-x64-windows/bin/../lib/gcc/avr/11.1.0/avr5\libgcc.a(_copy_data.o)
 .text.libgcc.fixed
                0x00000000000002f4        0x0 c:/users/user/desktop/elec291/avr-gcc-11.1.0-x64-windows/bin/../lib/gcc/avr/11.1.0/avr5\libgcc.a(_copy_data.o)
 .text.libgcc.mul
                0x00000000000002f4        0x0 c:/users/user/desktop/elec291/avr-gcc-11.1.0-x64-windows/bin/../lib/gcc/avr/11.1.0/avr5\libgcc.a(_clear_bss.o)
 .text.libgcc.div
                0x00000000000002f4        0x0 c:/users/user/desktop/elec291/avr-gcc-11.1.0-x64-windows/bin/../lib/gcc/avr/11.1.0/avr5\libgcc.a(_clear_bss.o)
 .text.libgcc   0x00000000000002f4        0x0 c:/users/user/desktop/elec291/avr-gcc-11.1.0-x64-windows/bin/../lib/gcc/avr/11.1.0/avr5\libgcc.a(_clear_bss.o)
 .text.libgcc.prologue
                0x00000000000002f4        0x0 c:/users/user/desktop/elec291/avr-gcc-11.1.0-x64-windows/bin/../lib/gcc/avr/11.1.0/avr5\libgcc.a(_clear_bss.o)
 .text.libgcc.builtins
                0x00000000000002f4        0x0 c:/users/user/desktop/elec291/avr-gcc-11.1.0-x64-windows/bin/../lib/gcc/avr/11.1.0/avr5\libgcc.a(_clear_bss.o)
 .text.libgcc.fmul
                0x00000000000002f4        0x0 c:/users/user/desktop/elec291/avr-gcc-11.1.0-x64-windows/bin/../lib/gcc/avr/11.1.0/avr5\libgcc.a(_clear_bss.o)
 .text.libgcc.fixed
                0x00000000000002f4        0x0 c:/users/user/desktop/elec291/avr-gcc-11.1.0-x64-windows/bin/../lib/gcc/avr/11.1.0/avr5\libgcc.a(_clear_bss.o)
 .text.libgcc.mul
                0x00000000000002f4        0x0 c:/users/user/desktop/elec291/avr-gcc-11.1.0-x64-windows/bin/../lib/gcc/avr/11.1.0/avr5\libgcc.a(_udivmodhi4.o)
 .text.libgcc.div
                0x00000000000002f4       0x28 c:/users/user/desktop/elec291/avr-gcc-11.1.0-x64-windows/bin/../lib/gcc/avr/11.1.0/avr5\libgcc.a(_udivmodhi4.o)
                0x00000000000002f4                __udivmodhi4
 .text.libgcc   0x000000000000031c        0x0 c:/users/user/desktop/elec291/avr-gcc-11.1.0-x64-windows/bin/../lib/gcc/avr/11.1.0/avr5\libgcc.a(_udivmodhi4.o)
 .text.libgcc.prologue
                0x000000000000031c        0x0 c:/users/user/desktop/elec291/avr-gcc-11.1.0-x64-windows/bin/../lib/gcc/avr/11.1.0/avr5\libgcc.a(_udivmodhi4.o)
 .text.libgcc.builtins
                0x000000000000031c        0x0 c:/users/user/desktop/elec291/avr-gcc-11.1.0-x64-windows/bin/../lib/gcc/avr/11.1.0/avr5\libgcc.a(_udivmodhi4.o)
 .text.libgcc.fmul
                0x000000000000031c        0x0 c:/users/user/desktop/elec291/avr-gcc-11.1.0-x64-windows/bin/../lib/gcc/avr/11.1.0/avr5\libgcc.a(_udivmodhi4.o)
 .text.libgcc.fixed
                0x000000000000031c        0x0 c:/users/user/desktop/elec291/avr-gcc-11.1.0-x64-windows/bin/../lib/gcc/avr/11.1.0/avr5\libgcc.a(_udivmodhi4.o)
 .text.avr-libc
                0x000000000000031c       0x3c c:/users/user/desktop/elec291/avr-gcc-11.1.0-x64-windows/bin/../lib/gcc/avr/11.1.0/../../../../avr/lib/avr5\libc.a(atoi.o)
                0x000000000000031c                atoi
 .text.avr-libc
                0x0000000000000358       0x10 c:/users/user/desktop/elec291/avr-gcc-11.1.0-x64-windows/bin/../lib/gcc/avr/11.1.0/../../../../avr/lib/avr5\libc.a(mul10.o)
                0x0000000000000358                __mulhi_const_10
 .text.avr-libc
                0x0000000000000368       0x28 c:/users/user/desktop/elec291/avr-gcc-11.1.0-x64-windows/bin/../lib/gcc/avr/11.1.0/../../../../avr/lib/avr5\libc.a(printf.o)
                0x0000000000000368                printf
 .text.avr-libc
                0x0000000000000390        0xe c:/users/user/desktop/elec291/avr-gcc-11.1.0-x64-windows/bin/../lib/gcc/avr/11.1.0/../../../../avr/lib/avr5\libc.a(putchar.o)
                0x0000000000000390                putchar
 .text.avr-libc
                0x000000000000039e       0x58 c:/users/user/desktop/elec291/avr-gcc-11.1.0-x64-windows/bin/../lib/gcc/avr/11.1.0/../../../../avr/lib/avr5\libc.a(puts.o)
                0x000000000000039e                puts
 .text.avr-libc
                0x00000000000003f6      0x3a6 c:/users/user/desktop/elec291/avr-gcc-11.1.0-x64-windows/bin/../lib/gcc/avr/11.1.0/../../../../avr/lib/avr5\libc.a(vfprintf_std.o)
                0x00000000000003f6                vfprintf
 .text.avr-libc
                0x000000000000079c       0x16 c:/users/user/desktop/elec291/avr-gcc-11.1.0-x64-windows/bin/../lib/gcc/avr/11.1.0/../../../../avr/lib/avr5\libc.a(strnlen_P.o)
                0x000000000000079c                strnlen_P
 .text.avr-libc
                0x00000000000007b2       0x16 c:/users/user/desktop/elec291/avr-gcc-11.1.0-x64-windows/bin/../lib/gcc/avr/11.1.0/../../../../avr/lib/avr5\libc.a(strnlen.o)
                0x00000000000007b2                strnlen
 .text.avr-libc
                0x00000000000007c8       0x60 c:/users/user/desktop/elec291/avr-gcc-11.1.0-x64-windows/bin/../lib/gcc/avr/11.1.0/../../../../avr/lib/avr5\libc.a(fputc.o)
                0x00000000000007c8                fputc
 .text.avr-libc
                0x0000000000000828       0xbc c:/users/user/desktop/elec291/avr-gcc-11.1.0-x64-windows/bin/../lib/gcc/avr/11.1.0/../../../../avr/lib/avr5\libc.a(ultoa_invert.o)
                0x0000000000000828                __ultoa_invert
 .text.libgcc.mul
                0x00000000000008e4        0x0 c:/users/user/desktop/elec291/avr-gcc-11.1.0-x64-windows/bin/../lib/gcc/avr/11.1.0/avr5\libgcc.a(_prologue.o)
 .text.libgcc.div
                0x00000000000008e4        0x0 c:/users/user/desktop/elec291/avr-gcc-11.1.0-x64-windows/bin/../lib/gcc/avr/11.1.0/avr5\libgcc.a(_prologue.o)
 .text.libgcc   0x00000000000008e4        0x0 c:/users/user/desktop/elec291/avr-gcc-11.1.0-x64-windows/bin/../lib/gcc/avr/11.1.0/avr5\libgcc.a(_prologue.o)
 .text.libgcc.prologue
                0x00000000000008e4       0x38 c:/users/user/desktop/elec291/avr-gcc-11.1.0-x64-windows/bin/../lib/gcc/avr/11.1.0/avr5\libgcc.a(_prologue.o)
                0x00000000000008e4                __prologue_saves__
 .text.libgcc.builtins
                0x000000000000091c        0x0 c:/users/user/desktop/elec291/avr-gcc-11.1.0-x64-windows/bin/../lib/gcc/avr/11.1.0/avr5\libgcc.a(_prologue.o)
 .text.libgcc.fmul
                0x000000000000091c        0x0 c:/users/user/desktop/elec291/avr-gcc-11.1.0-x64-windows/bin/../lib/gcc/avr/11.1.0/avr5\libgcc.a(_prologue.o)
 .text.libgcc.fixed
                0x000000000000091c        0x0 c:/users/user/desktop/elec291/avr-gcc-11.1.0-x64-windows/bin/../lib/gcc/avr/11.1.0/avr5\libgcc.a(_prologue.o)
 .text.libgcc.mul
                0x000000000000091c        0x0 c:/users/user/desktop/elec291/avr-gcc-11.1.0-x64-windows/bin/../lib/gcc/avr/11.1.0/avr5\libgcc.a(_epilogue.o)
 .text.libgcc.div
                0x000000000000091c        0x0 c:/users/user/desktop/elec291/avr-gcc-11.1.0-x64-windows/bin/../lib/gcc/avr/11.1.0/avr5\libgcc.a(_epilogue.o)
 .text.libgcc   0x000000000000091c        0x0 c:/users/user/desktop/elec291/avr-gcc-11.1.0-x64-windows/bin/../lib/gcc/avr/11.1.0/avr5\libgcc.a(_epilogue.o)
 .text.libgcc.prologue
                0x000000000000091c       0x36 c:/users/user/desktop/elec291/avr-gcc-11.1.0-x64-windows/bin/../lib/gcc/avr/11.1.0/avr5\libgcc.a(_epilogue.o)
                0x000000000000091c                __epilogue_restores__
 .text.libgcc.builtins
                0x0000000000000952        0x0 c:/users/user/desktop/elec291/avr-gcc-11.1.0-x64-windows/bin/../lib/gcc/avr/11.1.0/avr5\libgcc.a(_epilogue.o)
 .text.libgcc.fmul
                0x0000000000000952        0x0 c:/users/user/desktop/elec291/avr-gcc-11.1.0-x64-windows/bin/../lib/gcc/avr/11.1.0/avr5\libgcc.a(_epilogue.o)
 .text.libgcc.fixed
                0x0000000000000952        0x0 c:/users/user/desktop/elec291/avr-gcc-11.1.0-x64-windows/bin/../lib/gcc/avr/11.1.0/avr5\libgcc.a(_epilogue.o)
                0x0000000000000952                . = ALIGN (0x2)
 *(.fini9)
 .fini9         0x0000000000000952        0x0 c:/users/user/desktop/elec291/avr-gcc-11.1.0-x64-windows/bin/../lib/gcc/avr/11.1.0/avr5\libgcc.a(_exit.o)
                0x0000000000000952                _exit
                0x0000000000000952                exit
 *(.fini9)
 *(.fini8)
 *(.fini8)
 *(.fini7)
 *(.fini7)
 *(.fini6)
 *(.fini6)
 *(.fini5)
 *(.fini5)
 *(.fini4)
 *(.fini4)
 *(.fini3)
 *(.fini3)
 *(.fini2)
 *(.fini2)
 *(.fini1)
 *(.fini1)
 *(.fini0)
 .fini0         0x0000000000000952        0x4 c:/users/user/desktop/elec291/avr-gcc-11.1.0-x64-windows/bin/../lib/gcc/avr/11.1.0/avr5\libgcc.a(_exit.o)
 *(.fini0)
 *(.hightext)
 *(.hightext*)
 *(.progmemx.*)
                0x0000000000000956                . = ALIGN (0x2)
 *(.jumptables)
 *(.jumptables*)
                0x0000000000000956                _etext = .

.data           0x0000000000800100       0xd2 load address 0x0000000000000956
                0x0000000000800100                PROVIDE (__data_start = .)
 *(.data)
 .data          0x0000000000800100        0x0 c:/users/user/desktop/elec291/avr-gcc-11.1.0-x64-windows/bin/../lib/gcc/avr/11.1.0/../../../../avr/lib/avr5/crtatmega328.o
 .data          0x0000000000800100        0x2 Servo.o
                0x0000000000800100                ISR_pw
 .data          0x0000000000800102        0xe usart.o
 .data          0x0000000000800110        0x0 c:/users/user/desktop/elec291/avr-gcc-11.1.0-x64-windows/bin/../lib/gcc/avr/11.1.0/avr5\libgcc.a(_divmodhi4.o)
 .data          0x0000000000800110        0x0 c:/users/user/desktop/elec291/avr-gcc-11.1.0-x64-windows/bin/../lib/gcc/avr/11.1.0/avr5\libgcc.a(_exit.o)
 .data          0x0000000000800110        0x0 c:/users/user/desktop/elec291/avr-gcc-11.1.0-x64-windows/bin/../lib/gcc/avr/11.1.0/avr5\libgcc.a(_copy_data.o)
 .data          0x0000000000800110        0x0 c:/users/user/desktop/elec291/avr-gcc-11.1.0-x64-windows/bin/../lib/gcc/avr/11.1.0/avr5\libgcc.a(_clear_bss.o)
 .data          0x0000000000800110        0x0 c:/users/user/desktop/elec291/avr-gcc-11.1.0-x64-windows/bin/../lib/gcc/avr/11.1.0/avr5\libgcc.a(_udivmodhi4.o)
 .data          0x0000000000800110        0x0 c:/users/user/desktop/elec291/avr-gcc-11.1.0-x64-windows/bin/../lib/gcc/avr/11.1.0/../../../../avr/lib/avr5\libc.a(atoi.o)
 .data          0x0000000000800110        0x0 c:/users/user/desktop/elec291/avr-gcc-11.1.0-x64-windows/bin/../lib/gcc/avr/11.1.0/../../../../avr/lib/avr5\libc.a(mul10.o)
 .data          0x0000000000800110        0x0 c:/users/user/desktop/elec291/avr-gcc-11.1.0-x64-windows/bin/../lib/gcc/avr/11.1.0/../../../../avr/lib/avr5\libc.a(iob.o)
 .data          0x0000000000800110        0x0 c:/users/user/desktop/elec291/avr-gcc-11.1.0-x64-windows/bin/../lib/gcc/avr/11.1.0/../../../../avr/lib/avr5\libc.a(printf.o)
 .data          0x0000000000800110        0x0 c:/users/user/desktop/elec291/avr-gcc-11.1.0-x64-windows/bin/../lib/gcc/avr/11.1.0/../../../../avr/lib/avr5\libc.a(putchar.o)
 .data          0x0000000000800110        0x0 c:/users/user/desktop/elec291/avr-gcc-11.1.0-x64-windows/bin/../lib/gcc/avr/11.1.0/../../../../avr/lib/avr5\libc.a(puts.o)
 .data          0x0000000000800110        0x0 c:/users/user/desktop/elec291/avr-gcc-11.1.0-x64-windows/bin/../lib/gcc/avr/11.1.0/../../../../avr/lib/avr5\libc.a(vfprintf_std.o)
 .data          0x0000000000800110        0x0 c:/users/user/desktop/elec291/avr-gcc-11.1.0-x64-windows/bin/../lib/gcc/avr/11.1.0/../../../../avr/lib/avr5\libc.a(strnlen_P.o)
 .data          0x0000000000800110        0x0 c:/users/user/desktop/elec291/avr-gcc-11.1.0-x64-windows/bin/../lib/gcc/avr/11.1.0/../../../../avr/lib/avr5\libc.a(strnlen.o)
 .data          0x0000000000800110        0x0 c:/users/user/desktop/elec291/avr-gcc-11.1.0-x64-windows/bin/../lib/gcc/avr/11.1.0/../../../../avr/lib/avr5\libc.a(fputc.o)
 .data          0x0000000000800110        0x0 c:/users/user/desktop/elec291/avr-gcc-11.1.0-x64-windows/bin/../lib/gcc/avr/11.1.0/../../../../avr/lib/avr5\libc.a(ultoa_invert.o)
 .data          0x0000000000800110        0x0 c:/users/user/desktop/elec291/avr-gcc-11.1.0-x64-windows/bin/../lib/gcc/avr/11.1.0/avr5\libgcc.a(_prologue.o)
 .data          0x0000000000800110        0x0 c:/users/user/desktop/elec291/avr-gcc-11.1.0-x64-windows/bin/../lib/gcc/avr/11.1.0/avr5\libgcc.a(_epilogue.o)
 *(.data*)
 *(.gnu.linkonce.d*)
 *(.rodata)
 *(.rodata*)
 .rodata.str1.1
                0x0000000000800110       0xc2 Servo.o
 *(.gnu.linkonce.r*)
                0x00000000008001d2                . = ALIGN (0x2)
                0x00000000008001d2                _edata = .
                0x00000000008001d2                PROVIDE (__data_end = .)

.bss            0x00000000008001d2        0xa
                0x00000000008001d2                PROVIDE (__bss_start = .)
 *(.bss)
 .bss           0x00000000008001d2        0x0 c:/users/user/desktop/elec291/avr-gcc-11.1.0-x64-windows/bin/../lib/gcc/avr/11.1.0/../../../../avr/lib/avr5/crtatmega328.o
 .bss           0x00000000008001d2        0x4 Servo.o
                0x00000000008001d2                ISR_frc
                0x00000000008001d4                ISR_cnt
 .bss           0x00000000008001d6        0x0 usart.o
 .bss           0x00000000008001d6        0x0 c:/users/user/desktop/elec291/avr-gcc-11.1.0-x64-windows/bin/../lib/gcc/avr/11.1.0/avr5\libgcc.a(_divmodhi4.o)
 .bss           0x00000000008001d6        0x0 c:/users/user/desktop/elec291/avr-gcc-11.1.0-x64-windows/bin/../lib/gcc/avr/11.1.0/avr5\libgcc.a(_exit.o)
 .bss           0x00000000008001d6        0x0 c:/users/user/desktop/elec291/avr-gcc-11.1.0-x64-windows/bin/../lib/gcc/avr/11.1.0/avr5\libgcc.a(_copy_data.o)
 .bss           0x00000000008001d6        0x0 c:/users/user/desktop/elec291/avr-gcc-11.1.0-x64-windows/bin/../lib/gcc/avr/11.1.0/avr5\libgcc.a(_clear_bss.o)
 .bss           0x00000000008001d6        0x0 c:/users/user/desktop/elec291/avr-gcc-11.1.0-x64-windows/bin/../lib/gcc/avr/11.1.0/avr5\libgcc.a(_udivmodhi4.o)
 .bss           0x00000000008001d6        0x0 c:/users/user/desktop/elec291/avr-gcc-11.1.0-x64-windows/bin/../lib/gcc/avr/11.1.0/../../../../avr/lib/avr5\libc.a(atoi.o)
 .bss           0x00000000008001d6        0x0 c:/users/user/desktop/elec291/avr-gcc-11.1.0-x64-windows/bin/../lib/gcc/avr/11.1.0/../../../../avr/lib/avr5\libc.a(mul10.o)
 .bss           0x00000000008001d6        0x6 c:/users/user/desktop/elec291/avr-gcc-11.1.0-x64-windows/bin/../lib/gcc/avr/11.1.0/../../../../avr/lib/avr5\libc.a(iob.o)
                0x00000000008001d6                __iob
 .bss           0x00000000008001dc        0x0 c:/users/user/desktop/elec291/avr-gcc-11.1.0-x64-windows/bin/../lib/gcc/avr/11.1.0/../../../../avr/lib/avr5\libc.a(printf.o)
 .bss           0x00000000008001dc        0x0 c:/users/user/desktop/elec291/avr-gcc-11.1.0-x64-windows/bin/../lib/gcc/avr/11.1.0/../../../../avr/lib/avr5\libc.a(putchar.o)
 .bss           0x00000000008001dc        0x0 c:/users/user/desktop/elec291/avr-gcc-11.1.0-x64-windows/bin/../lib/gcc/avr/11.1.0/../../../../avr/lib/avr5\libc.a(puts.o)
 .bss           0x00000000008001dc        0x0 c:/users/user/desktop/elec291/avr-gcc-11.1.0-x64-windows/bin/../lib/gcc/avr/11.1.0/../../../../avr/lib/avr5\libc.a(vfprintf_std.o)
 .bss           0x00000000008001dc        0x0 c:/users/user/desktop/elec291/avr-gcc-11.1.0-x64-windows/bin/../lib/gcc/avr/11.1.0/../../../../avr/lib/avr5\libc.a(strnlen_P.o)
 .bss           0x00000000008001dc        0x0 c:/users/user/desktop/elec291/avr-gcc-11.1.0-x64-windows/bin/../lib/gcc/avr/11.1.0/../../../../avr/lib/avr5\libc.a(strnlen.o)
 .bss           0x00000000008001dc        0x0 c:/users/user/desktop/elec291/avr-gcc-11.1.0-x64-windows/bin/../lib/gcc/avr/11.1.0/../../../../avr/lib/avr5\libc.a(fputc.o)
 .bss           0x00000000008001dc        0x0 c:/users/user/desktop/elec291/avr-gcc-11.1.0-x64-windows/bin/../lib/gcc/avr/11.1.0/../../../../avr/lib/avr5\libc.a(ultoa_invert.o)
 .bss           0x00000000008001dc        0x0 c:/users/user/desktop/elec291/avr-gcc-11.1.0-x64-windows/bin/../lib/gcc/avr/11.1.0/avr5\libgcc.a(_prologue.o)
 .bss           0x00000000008001dc        0x0 c:/users/user/desktop/elec291/avr-gcc-11.1.0-x64-windows/bin/../lib/gcc/avr/11.1.0/avr5\libgcc.a(_epilogue.o)
 *(.bss*)
 *(COMMON)
                0x00000000008001dc                PROVIDE (__bss_end = .)
                0x0000000000000956                __data_load_start = LOADADDR (.data)
                0x0000000000000a28                __data_load_end = (__data_load_start + SIZEOF (.data))

.noinit         0x00000000008001dc        0x0
                [!provide]                        PROVIDE (__noinit_start = .)
 *(.noinit .noinit.* .gnu.linkonce.n.*)
                [!provide]                        PROVIDE (__noinit_end = .)
                0x00000000008001dc                _end = .
                [!provide]                        PROVIDE (__heap_start = .)

.eeprom         0x0000000000810000        0x0
 *(.eeprom*)
                0x0000000000810000                __eeprom_end = .

.fuse
 *(.fuse)
 *(.lfuse)
 *(.hfuse)
 *(.efuse)

.lock
 *(.lock*)

.signature
 *(.signature*)

.stab
 *(.stab)

.stabstr
 *(.stabstr)

.stab.excl
 *(.stab.excl)

.stab.exclstr
 *(.stab.exclstr)

.stab.index
 *(.stab.index)

.stab.indexstr
 *(.stab.indexstr)

.comment        0x0000000000000000       0x12
 *(.comment)
 .comment       0x0000000000000000       0x12 Servo.o
                                         0x13 (size before relaxing)
 .comment       0x0000000000000012       0x13 usart.o
 .comment       0x0000000000000012       0x13 c:/users/user/desktop/elec291/avr-gcc-11.1.0-x64-windows/bin/../lib/gcc/avr/11.1.0/../../../../avr/lib/avr5\libc.a(iob.o)
 .comment       0x0000000000000012       0x13 c:/users/user/desktop/elec291/avr-gcc-11.1.0-x64-windows/bin/../lib/gcc/avr/11.1.0/../../../../avr/lib/avr5\libc.a(printf.o)
 .comment       0x0000000000000012       0x13 c:/users/user/desktop/elec291/avr-gcc-11.1.0-x64-windows/bin/../lib/gcc/avr/11.1.0/../../../../avr/lib/avr5\libc.a(putchar.o)
 .comment       0x0000000000000012       0x13 c:/users/user/desktop/elec291/avr-gcc-11.1.0-x64-windows/bin/../lib/gcc/avr/11.1.0/../../../../avr/lib/avr5\libc.a(puts.o)
 .comment       0x0000000000000012       0x13 c:/users/user/desktop/elec291/avr-gcc-11.1.0-x64-windows/bin/../lib/gcc/avr/11.1.0/../../../../avr/lib/avr5\libc.a(vfprintf_std.o)
 .comment       0x0000000000000012       0x13 c:/users/user/desktop/elec291/avr-gcc-11.1.0-x64-windows/bin/../lib/gcc/avr/11.1.0/../../../../avr/lib/avr5\libc.a(fputc.o)

.note.gnu.avr.deviceinfo
                0x0000000000000000       0x3c
 .note.gnu.avr.deviceinfo
                0x0000000000000000       0x3c c:/users/user/desktop/elec291/avr-gcc-11.1.0-x64-windows/bin/../lib/gcc/avr/11.1.0/../../../../avr/lib/avr5/crtatmega328.o

.note.gnu.build-id
 *(.note.gnu.build-id)

.debug
 *(.debug)

.line
 *(.line)

.debug_srcinfo
 *(.debug_srcinfo)

.debug_sfnames
 *(.debug_sfnames)

.debug_aranges  0x0000000000000000      0x128
 *(.debug_aranges)
 .debug_aranges
                0x0000000000000000       0x28 Servo.o
 .debug_aranges
                0x0000000000000028       0x20 usart.o
 .debug_aranges
                0x0000000000000048       0x20 c:/users/user/desktop/elec291/avr-gcc-11.1.0-x64-windows/bin/../lib/gcc/avr/11.1.0/avr5\libgcc.a(_divmodhi4.o)
 .debug_aranges
                0x0000000000000068       0x20 c:/users/user/desktop/elec291/avr-gcc-11.1.0-x64-windows/bin/../lib/gcc/avr/11.1.0/avr5\libgcc.a(_exit.o)
 .debug_aranges
                0x0000000000000088       0x20 c:/users/user/desktop/elec291/avr-gcc-11.1.0-x64-windows/bin/../lib/gcc/avr/11.1.0/avr5\libgcc.a(_copy_data.o)
 .debug_aranges
                0x00000000000000a8       0x20 c:/users/user/desktop/elec291/avr-gcc-11.1.0-x64-windows/bin/../lib/gcc/avr/11.1.0/avr5\libgcc.a(_clear_bss.o)
 .debug_aranges
                0x00000000000000c8       0x20 c:/users/user/desktop/elec291/avr-gcc-11.1.0-x64-windows/bin/../lib/gcc/avr/11.1.0/avr5\libgcc.a(_udivmodhi4.o)
 .debug_aranges
                0x00000000000000e8       0x20 c:/users/user/desktop/elec291/avr-gcc-11.1.0-x64-windows/bin/../lib/gcc/avr/11.1.0/avr5\libgcc.a(_prologue.o)
 .debug_aranges
                0x0000000000000108       0x20 c:/users/user/desktop/elec291/avr-gcc-11.1.0-x64-windows/bin/../lib/gcc/avr/11.1.0/avr5\libgcc.a(_epilogue.o)

.debug_pubnames
 *(.debug_pubnames)

.debug_info     0x0000000000000000      0xc3b
 *(.debug_info .gnu.linkonce.wi.*)
 .debug_info    0x0000000000000000      0x5f4 c:/users/user/desktop/elec291/avr-gcc-11.1.0-x64-windows/bin/../lib/gcc/avr/11.1.0/../../../../avr/lib/avr5/crtatmega328.o
 .debug_info    0x00000000000005f4      0x2f9 Servo.o
 .debug_info    0x00000000000008ed      0x252 usart.o
 .debug_info    0x0000000000000b3f       0x24 c:/users/user/desktop/elec291/avr-gcc-11.1.0-x64-windows/bin/../lib/gcc/avr/11.1.0/avr5\libgcc.a(_divmodhi4.o)
 .debug_info    0x0000000000000b63       0x24 c:/users/user/desktop/elec291/avr-gcc-11.1.0-x64-windows/bin/../lib/gcc/avr/11.1.0/avr5\libgcc.a(_exit.o)
 .debug_info    0x0000000000000b87       0x24 c:/users/user/desktop/elec291/avr-gcc-11.1.0-x64-windows/bin/../lib/gcc/avr/11.1.0/avr5\libgcc.a(_copy_data.o)
 .debug_info    0x0000000000000bab       0x24 c:/users/user/desktop/elec291/avr-gcc-11.1.0-x64-windows/bin/../lib/gcc/avr/11.1.0/avr5\libgcc.a(_clear_bss.o)
 .debug_info    0x0000000000000bcf       0x24 c:/users/user/desktop/elec291/avr-gcc-11.1.0-x64-windows/bin/../lib/gcc/avr/11.1.0/avr5\libgcc.a(_udivmodhi4.o)
 .debug_info    0x0000000000000bf3       0x24 c:/users/user/desktop/elec291/avr-gcc-11.1.0-x64-windows/bin/../lib/gcc/avr/11.1.0/avr5\libgcc.a(_prologue.o)
 .debug_info    0x0000000000000c17       0x24 c:/users/user/desktop/elec291/avr-gcc-11.1.0-x64-windows/bin/../lib/gcc/avr/11.1.0/avr5\libgcc.a(_epilogue.o)

.debug_abbrev   0x0000000000000000      0x98e
 *(.debug_abbrev)
 .debug_abbrev  0x0000000000000000      0x5a2 c:/users/user/desktop/elec291/avr-gcc-11.1.0-x64-windows/bin/../lib/gcc/avr/11.1.0/../../../../avr/lib/avr5/crtatmega328.o
 .debug_abbrev  0x00000000000005a2      0x1ac Servo.o
 .debug_abbrev  0x000000000000074e      0x1b4 usart.o
 .debug_abbrev  0x0000000000000902       0x14 c:/users/user/desktop/elec291/avr-gcc-11.1.0-x64-windows/bin/../lib/gcc/avr/11.1.0/avr5\libgcc.a(_divmodhi4.o)
 .debug_abbrev  0x0000000000000916       0x14 c:/users/user/desktop/elec291/avr-gcc-11.1.0-x64-windows/bin/../lib/gcc/avr/11.1.0/avr5\libgcc.a(_exit.o)
 .debug_abbrev  0x000000000000092a       0x14 c:/users/user/desktop/elec291/avr-gcc-11.1.0-x64-windows/bin/../lib/gcc/avr/11.1.0/avr5\libgcc.a(_copy_data.o)
 .debug_abbrev  0x000000000000093e       0x14 c:/users/user/desktop/elec291/avr-gcc-11.1.0-x64-windows/bin/../lib/gcc/avr/11.1.0/avr5\libgcc.a(_clear_bss.o)
 .debug_abbrev  0x0000000000000952       0x14 c:/users/user/desktop/elec291/avr-gcc-11.1.0-x64-windows/bin/../lib/gcc/avr/11.1.0/avr5\libgcc.a(_udivmodhi4.o)
 .debug_abbrev  0x0000000000000966       0x14 c:/users/user/desktop/elec291/avr-gcc-11.1.0-x64-windows/bin/../lib/gcc/avr/11.1.0/avr5\libgcc.a(_prologue.o)
 .debug_abbrev  0x000000000000097a       0x14 c:/users/user/desktop/elec291/avr-gcc-11.1.0-x64-windows/bin/../lib/gcc/avr/11.1.0/avr5\libgcc.a(_epilogue.o)

.debug_line     0x0000000000000000      0xa03
 *(.debug_line .debug_line.* .debug_line_end)
 .debug_line    0x0000000000000000       0x1d c:/users/user/desktop/elec291/avr-gcc-11.1.0-x64-windows/bin/../lib/gcc/avr/11.1.0/../../../../avr/lib/avr5/crtatmega328.o
 .debug_line    0x000000000000001d      0x31e Servo.o
 .debug_line    0x000000000000033b      0x233 usart.o
 .debug_line    0x000000000000056e       0xb7 c:/users/user/desktop/elec291/avr-gcc-11.1.0-x64-windows/bin/../lib/gcc/avr/11.1.0/avr5\libgcc.a(_divmodhi4.o)
 .debug_line    0x0000000000000625       0x51 c:/users/user/desktop/elec291/avr-gcc-11.1.0-x64-windows/bin/../lib/gcc/avr/11.1.0/avr5\libgcc.a(_exit.o)
 .debug_line    0x0000000000000676       0x87 c:/users/user/desktop/elec291/avr-gcc-11.1.0-x64-windows/bin/../lib/gcc/avr/11.1.0/avr5\libgcc.a(_copy_data.o)
 .debug_line    0x00000000000006fd       0x75 c:/users/user/desktop/elec291/avr-gcc-11.1.0-x64-windows/bin/../lib/gcc/avr/11.1.0/avr5\libgcc.a(_clear_bss.o)
 .debug_line    0x0000000000000772       0xbd c:/users/user/desktop/elec291/avr-gcc-11.1.0-x64-windows/bin/../lib/gcc/avr/11.1.0/avr5\libgcc.a(_udivmodhi4.o)
 .debug_line    0x000000000000082f       0xed c:/users/user/desktop/elec291/avr-gcc-11.1.0-x64-windows/bin/../lib/gcc/avr/11.1.0/avr5\libgcc.a(_prologue.o)
 .debug_line    0x000000000000091c       0xe7 c:/users/user/desktop/elec291/avr-gcc-11.1.0-x64-windows/bin/../lib/gcc/avr/11.1.0/avr5\libgcc.a(_epilogue.o)

.debug_frame    0x0000000000000000      0x10c
 *(.debug_frame)
 .debug_frame   0x0000000000000000       0x84 Servo.o
 .debug_frame   0x0000000000000084       0x88 usart.o

.debug_str      0x0000000000000000      0x404
 *(.debug_str)
 .debug_str     0x0000000000000000      0x20b c:/users/user/desktop/elec291/avr-gcc-11.1.0-x64-windows/bin/../lib/gcc/avr/11.1.0/../../../../avr/lib/avr5/crtatmega328.o
 .debug_str     0x000000000000020b      0x135 Servo.o
                                        0x182 (size before relaxing)
 .debug_str     0x0000000000000340       0x81 usart.o
                                        0x15d (size before relaxing)
 .debug_str     0x00000000000003c1       0x43 c:/users/user/desktop/elec291/avr-gcc-11.1.0-x64-windows/bin/../lib/gcc/avr/11.1.0/avr5\libgcc.a(_divmodhi4.o)
 .debug_str     0x0000000000000404       0x43 c:/users/user/desktop/elec291/avr-gcc-11.1.0-x64-windows/bin/../lib/gcc/avr/11.1.0/avr5\libgcc.a(_exit.o)
 .debug_str     0x0000000000000404       0x43 c:/users/user/desktop/elec291/avr-gcc-11.1.0-x64-windows/bin/../lib/gcc/avr/11.1.0/avr5\libgcc.a(_copy_data.o)
 .debug_str     0x0000000000000404       0x43 c:/users/user/desktop/elec291/avr-gcc-11.1.0-x64-windows/bin/../lib/gcc/avr/11.1.0/avr5\libgcc.a(_clear_bss.o)
 .debug_str     0x0000000000000404       0x43 c:/users/user/desktop/elec291/avr-gcc-11.1.0-x64-windows/bin/../lib/gcc/avr/11.1.0/avr5\libgcc.a(_udivmodhi4.o)
 .debug_str     0x0000000000000404       0x43 c:/users/user/desktop/elec291/avr-gcc-11.1.0-x64-windows/bin/../lib/gcc/avr/11.1.0/avr5\libgcc.a(_prologue.o)
 .debug_str     0x0000000000000404       0x43 c:/users/user/desktop/elec291/avr-gcc-11.1.0-x64-windows/bin/../lib/gcc/avr/11.1.0/avr5\libgcc.a(_epilogue.o)

.debug_loc
 *(.debug_loc)

.debug_macinfo
 *(.debug_macinfo)

.debug_weaknames
 *(.debug_weaknames)

.debug_funcnames
 *(.debug_funcnames)

.debug_typenames
 *(.debug_typenames)

.debug_varnames
 *(.debug_varnames)

.debug_pubtypes
 *(.debug_pubtypes)

.debug_ranges
 *(.debug_ranges)

.debug_addr
 *(.debug_addr)

.debug_line_str
                0x0000000000000000       0xd0
 *(.debug_line_str)
 .debug_line_str
                0x0000000000000000       0x9e Servo.o
                                         0xd2 (size before relaxing)
 .debug_line_str
                0x000000000000009e        0x8 usart.o
                                         0xb6 (size before relaxing)
 .debug_line_str
                0x00000000000000a6       0x2a c:/users/user/desktop/elec291/avr-gcc-11.1.0-x64-windows/bin/../lib/gcc/avr/11.1.0/avr5\libgcc.a(_divmodhi4.o)
                                         0x54 (size before relaxing)
 .debug_line_str
                0x00000000000000d0       0x54 c:/users/user/desktop/elec291/avr-gcc-11.1.0-x64-windows/bin/../lib/gcc/avr/11.1.0/avr5\libgcc.a(_exit.o)
 .debug_line_str
                0x00000000000000d0       0x54 c:/users/user/desktop/elec291/avr-gcc-11.1.0-x64-windows/bin/../lib/gcc/avr/11.1.0/avr5\libgcc.a(_copy_data.o)
 .debug_line_str
                0x00000000000000d0       0x54 c:/users/user/desktop/elec291/avr-gcc-11.1.0-x64-windows/bin/../lib/gcc/avr/11.1.0/avr5\libgcc.a(_clear_bss.o)
 .debug_line_str
                0x00000000000000d0       0x54 c:/users/user/desktop/elec291/avr-gcc-11.1.0-x64-windows/bin/../lib/gcc/avr/11.1.0/avr5\libgcc.a(_udivmodhi4.o)
 .debug_line_str
                0x00000000000000d0       0x54 c:/users/user/desktop/elec291/avr-gcc-11.1.0-x64-windows/bin/../lib/gcc/avr/11.1.0/avr5\libgcc.a(_prologue.o)
 .debug_line_str
                0x00000000000000d0       0x54 c:/users/user/desktop/elec291/avr-gcc-11.1.0-x64-windows/bin/../lib/gcc/avr/11.1.0/avr5\libgcc.a(_epilogue.o)

.debug_loclists
                0x0000000000000000       0xe8
 *(.debug_loclists)
 .debug_loclists
                0x0000000000000000       0x63 Servo.o
 .debug_loclists
                0x0000000000000063       0x85 usart.o

.debug_macro
 *(.debug_macro)

.debug_names
 *(.debug_names)

.debug_rnglists
                0x0000000000000000       0x27
 *(.debug_rnglists)
 .debug_rnglists
                0x0000000000000000       0x27 Servo.o

.debug_str_offsets
 *(.debug_str_offsets)

.debug_sup
 *(.debug_sup)
OUTPUT(Servo.elf elf32-avr)
LOAD linker stubs
